
> @ build /Users/nxt3d/projects/ensips-payment-preferences-snapshots/app
> tsx src/index.tsx

Browserslist: caniuse-lite is outdated. Please run:
  npx update-browserslist-db@latest
  Why you should do it regularly: https://github.com/browserslist/update-db#readme
Building preview...
Found heading `Abstract`
Found heading `Motivation`
Found heading `Specification`
Found heading `Appendix A: Registry Implementation`
Found heading `Appendix B: Sample Resolver Implementations`
Found heading `Appendix C: Sample Registrar Implementation`
Found heading `Abstract`
Found heading `Motivation`
Found heading `Specification`
Found heading `Rationale`
Found heading `Backwards Compatibility`
Found heading `Security Considerations`
Found heading `Copyright`
Found heading `Abstract`
Found heading `Motivation`
Found heading `Specification`
Found heading `Copyright`
Found heading `Abstract`
Found heading `Motivation`
Found heading `Specification`
Found heading `Backwards Compatibility`
Found heading `Security Considerations`
Found heading `Copyright`
Found heading `Abstract`
Found heading `Motivation`
Ignoring missing heading due to rule
Found heading `Rationale`
Found heading `Security Considerations`
Found heading `Copyright`
Found heading `Abstract`
Ignoring missing heading due to rule
Found heading `Specification`
Ignoring supplemental heading due to rule
Ignoring supplemental heading due to rule
Ignoring supplemental heading due to rule
Found heading `Abstract`
Found heading `Motivation`
Found heading `Specification`
Ignoring supplemental heading due to rule
Ignoring supplemental heading due to rule
Ignoring supplemental heading due to rule
Found heading `Backwards Compatibility`
Found heading `Security Considerations`
Found heading `Copyright`
Ignoring supplemental heading due to rule
Ignoring supplemental heading due to rule
Ignoring supplemental heading due to rule
Ignoring supplemental heading due to rule
Ignoring supplemental heading due to rule
Found heading `Abstract`
Found heading `Motivation`
Found heading `Specification`
Found heading `Rationale`
Found heading `Copyright`
Found heading `Abstract`
Found heading `Motivation`
Found heading `Specification`
Found heading `Backwards Compatibility`
Found heading `Security Considerations`
Found heading `Copyright`
Found heading `Abstract`
Found heading `Motivation`
Found heading `Specification`
Found heading `Backwards Compatibility`
Found heading `Security Considerations`
Found heading `Copyright`
Found heading `Abstract`
Found heading `Motivation`
Found heading `Specification`
Found heading `Backwards Compatibility`
Found heading `Copyright`
Ignoring supplemental heading due to rule
Found heading `Abstract`
Found heading `Motivation`
Found heading `Specification`
Found heading `Rationale`
Ignoring supplemental heading due to rule
Found heading `Copyright`
Found heading `Abstract`
Found heading `Motivation`
Found heading `Specification`
Found heading `Rationale`
Found heading `Backwards Compatibility`
Found heading `Security Considerations`
Found heading `Copyright`
Found heading `Abstract`
Found heading `Motivation`
Found heading `Specification`
Found heading `Rationale`
Found heading `Backwards Compatibility`
Found heading `Security Considerations`
Found heading `Copyright`
Ignoring supplemental heading due to rule
Ignoring supplemental heading due to rule
Ignoring supplemental heading due to rule
Found heading `Abstract`
Found heading `Motivation`
Found heading `Specification`
Found heading `Backwards Compatibility`
Found heading `Security Considerations`
Found heading `Copyright`
Found heading `Abstract`
Found heading `Motivation`
Found heading `Specification`
Found heading `Backwards Compatibility`
Found heading `Security Considerations`
Found heading `Copyright`
Found heading `Abstract`
Found heading `Motivation`
Found heading `Specification`
Found heading `Backwards Compatibility`
Found heading `Security Considerations`
Found heading `Copyright`
Found heading `Abstract`
Found heading `Motivation`
Found heading `Specification`
Found heading `Rationale`
Found heading `Backwards Compatibility`
Found heading `Security Considerations`
Found heading `Copyright`
Found heading `Abstract`
Found heading `Motivation`
Found heading `Specification`
Found heading `Backwards Compatibility`
Found heading `Security Considerations`
Found heading `Rationale`
Found heading `Copyright`
Found heading `Abstract`
Found heading `Motivation`
Found heading `Specification`
Found heading `Backwards Compatibility`
Found heading `Security Considerations`
Found heading `Copyright`
Found heading `Abstract`
Found heading `Motivation`
Found heading `Specification`
Found heading `Appendix 1: Registrar implementation`
Found heading `Copyright`
Found heading `Abstract`
Ignoring missing heading due to rule
Found heading `Specification`
Found heading `Rationale`
Found heading `Copyright`
Found heading `Abstract`
Found heading `Motivation`
Found heading `Specification`
Found heading `Rationale`
Found heading `Backwards Compatibility`
Found heading `Security Considerations`
Found heading `Copyright`
Found heading `Abstract`
Found heading `Motivation`
Found heading `Specification`
Found heading `Backwards Compatibility`
Ignoring supplemental heading due to rule
Ignoring supplemental heading due to rule
Found heading `Copyright`
Found heading `Abstract`
Found heading `Motivation`
Found heading `Specification`
Found heading `Copyright`
Found heading `Abstract`
Found heading `Motivation`
Found heading `Specification`
Found heading `Rationale`
Found heading `Backwards Compatibility`
Ignoring supplemental heading due to rule
Found heading `Copyright`
Ignoring missing heading due to rule
Found heading `Motivation`
Found heading `Specification`
Found heading `Backwards Compatibility`
Ignoring supplemental heading due to rule
Found heading `Copyright`
Found heading `Abstract`
Found heading `Motivation`
Found heading `Specification`
Found heading `Rationale`
Found heading `Backwards Compatibility`
Found heading `Security Considerations`
Found heading `Copyright`
Processing styles
Preview built successfully!
