Lockfile is up to date, resolution step is skipped
Progress: resolved 1, reused 0, downloaded 0, added 0
Packages: +615
++++++++++++++++++++++++++++++++++++++++++++++++++++++++++++++++++++++++++++++++

   ╭─────────────────────────────────────────╮
   │                                         │
   │   Update available! 10.18.2 → 12.3.4.   │
   │   Changelog: https://pnpm.io/v/12.3.4   │
   │    To update, run: pnpm add -g pnpm     │
   │                                         │
   ╰─────────────────────────────────────────╯

Progress: resolved 615, reused 282, downloaded 73, added 237
Progress: resolved 615, reused 282, downloaded 142, added 371
Progress: resolved 615, reused 282, downloaded 213, added 464
Progress: resolved 615, reused 282, downloaded 330, added 610
Progress: resolved 615, reused 282, downloaded 333, added 615, done

dependencies:
+ @adraffy/ens-normalize 1.11.0
+ @shikijs/rehype 3.3.0
+ cssnano 7.0.5
+ gray-matter 4.0.3
+ react 18.3.1
+ react-dom 18.3.1
+ rehype-stringify 10.0.1
+ remark 15.0.1
+ remark-frontmatter 5.0.0
+ remark-gfm 4.0.1
+ remark-html 16.0.1
+ remark-parse 11.0.0
+ remark-rehype 11.1.2
+ tsx 4.19.0
+ unified 11.0.5
+ unist 0.0.1
+ vite 5.4.3
+ yaml 2.5.0
+ zod 3.23.8

devDependencies:
+ @types/node 22.5.2
+ @types/react 18.3.5
+ @types/react-dom 18.3.0
+ @types/unist 3.0.3
+ @typescript-eslint/parser 8.4.0
+ autoprefixer 10.4.20
+ chokidar-cli 3.0.0
+ concurrently 8.2.2
+ eslint 8.57.0
+ eslint-plugin-v3xlabs 1.6.5
+ postcss 8.4.44
+ postcss-cli 11.0.0
+ postcss-nested 6.2.0
+ tailwindcss 3.4.10
+ typescript 5.5.4

╭ Warning ─────────────────────────────────────────────────────────────────────╮
│                                                                              │
│   Ignored build scripts: esbuild.                                            │
│   Run "pnpm approve-builds" to pick which dependencies should be allowed     │
│   to run scripts.                                                            │
│                                                                              │
╰──────────────────────────────────────────────────────────────────────────────╯

Done in 5s using pnpm v10.18.2
